
 /----------------------------------------------------------------------------\
 |                                                                            |
 |  yosys -- Yosys Open SYnthesis Suite                                       |
 |                                                                            |
 |  Copyright (C) 2012 - 2020  Claire Xenia Wolf <claire@yosyshq.com>         |
 |                                                                            |
 |  Permission to use, copy, modify, and/or distribute this software for any  |
 |  purpose with or without fee is hereby granted, provided that the above    |
 |  copyright notice and this permission notice appear in all copies.         |
 |                                                                            |
 |  THE SOFTWARE IS PROVIDED "AS IS" AND THE AUTHOR DISCLAIMS ALL WARRANTIES  |
 |  WITH REGARD TO THIS SOFTWARE INCLUDING ALL IMPLIED WARRANTIES OF          |
 |  MERCHANTABILITY AND FITNESS. IN NO EVENT SHALL THE AUTHOR BE LIABLE FOR   |
 |  ANY SPECIAL, DIRECT, INDIRECT, OR CONSEQUENTIAL DAMAGES OR ANY DAMAGES    |
 |  WHATSOEVER RESULTING FROM LOSS OF USE, DATA OR PROFITS, WHETHER IN AN     |
 |  ACTION OF CONTRACT, NEGLIGENCE OR OTHER TORTIOUS ACTION, ARISING OUT OF   |
 |  OR IN CONNECTION WITH THE USE OR PERFORMANCE OF THIS SOFTWARE.            |
 |                                                                            |
 \----------------------------------------------------------------------------/

 Yosys 0.23 (git sha1 7ce5011c24b)


-- Executing script file `design_smt2.ys' --

1. Executing RTLIL frontend.
Input filename: design_prep.il

2. Executing HIERARCHY pass (managing design hierarchy).

2.1. Analyzing design hierarchy..
Top module:  \traffic_light

2.2. Analyzing design hierarchy..
Top module:  \traffic_light
Removed 0 unused modules.
Module traffic_light directly or indirectly contains formal properties -> setting "keep" attribute.

3. Executing DFFUNMAP pass (unmap clock enable and synchronous reset from FFs).

4. Printing statistics.

=== traffic_light ===

   Number of wires:                 83
   Number of wire bits:             92
   Number of public wires:          47
   Number of public wire bits:      50
   Number of memories:               0
   Number of memory bits:            0
   Number of processes:              0
   Number of cells:                 70
     $add                            1
     $and                           11
     $anyinit                       10
     $anyseq                         3
     $assert                         1
     $assume                         1
     $ff                             2
     $ge                             1
     $logic_not                      1
     $lt                             1
     $mux                           24
     $ne                             1
     $not                            6
     $or                             7

5. Executing SMT2 backend.

5.1. Executing BMUXMAP pass.

5.2. Executing DEMUXMAP pass.
Creating SMT-LIBv2 representation of module traffic_light.

End of script. Logfile hash: bba1991193, CPU: user 0.00s system 0.00s, MEM: 15.18 MB peak
Yosys 0.23 (git sha1 7ce5011c24b)
Time spent: 53% 2x write_smt2 (0 sec), 38% 2x read_ilang (0 sec), ...
