
 /----------------------------------------------------------------------------\
 |                                                                            |
 |  yosys -- Yosys Open SYnthesis Suite                                       |
 |                                                                            |
 |  Copyright (C) 2012 - 2020  Claire Xenia Wolf <claire@yosyshq.com>         |
 |                                                                            |
 |  Permission to use, copy, modify, and/or distribute this software for any  |
 |  purpose with or without fee is hereby granted, provided that the above    |
 |  copyright notice and this permission notice appear in all copies.         |
 |                                                                            |
 |  THE SOFTWARE IS PROVIDED "AS IS" AND THE AUTHOR DISCLAIMS ALL WARRANTIES  |
 |  WITH REGARD TO THIS SOFTWARE INCLUDING ALL IMPLIED WARRANTIES OF          |
 |  MERCHANTABILITY AND FITNESS. IN NO EVENT SHALL THE AUTHOR BE LIABLE FOR   |
 |  ANY SPECIAL, DIRECT, INDIRECT, OR CONSEQUENTIAL DAMAGES OR ANY DAMAGES    |
 |  WHATSOEVER RESULTING FROM LOSS OF USE, DATA OR PROFITS, WHETHER IN AN     |
 |  ACTION OF CONTRACT, NEGLIGENCE OR OTHER TORTIOUS ACTION, ARISING OUT OF   |
 |  OR IN CONNECTION WITH THE USE OR PERFORMANCE OF THIS SOFTWARE.            |
 |                                                                            |
 \----------------------------------------------------------------------------/

 Yosys 0.23 (git sha1 7ce5011c24b)


-- Executing script file `../model/design.ys' --

1. Executing Verilog-2005 frontend: generated.v
Parsing formal SystemVerilog input from `generated.v' to AST representation.
Generating RTLIL representation for module `\traffic_light'.
Successfully finished Verilog frontend.

2. Executing PREP pass.

2.1. Executing HIERARCHY pass (managing design hierarchy).

2.1.1. Analyzing design hierarchy..
Top module:  \traffic_light

2.1.2. Analyzing design hierarchy..
Top module:  \traffic_light
Removed 0 unused modules.
Module traffic_light directly or indirectly contains formal properties -> setting "keep" attribute.

2.2. Executing PROC pass (convert processes to netlists).

2.2.1. Executing PROC_CLEAN pass (remove empty switches from decision trees).
Cleaned up 0 empty switches.

2.2.2. Executing PROC_RMDEAD pass (remove dead branches from decision trees).
Marked 1 switch rules as full_case in process $proc$generated.v:89$27 in module traffic_light.
Marked 1 switch rules as full_case in process $proc$generated.v:51$7 in module traffic_light.
Marked 1 switch rules as full_case in process $proc$generated.v:35$5 in module traffic_light.
Marked 1 switch rules as full_case in process $proc$generated.v:20$3 in module traffic_light.
Removed a total of 0 dead cases.

2.2.3. Executing PROC_PRUNE pass (remove redundant assignments in processes).
Removed 9 redundant assignments.
Promoted 3 assignments to connections.

2.2.4. Executing PROC_INIT pass (extract init attributes).
Found init rule in `\traffic_light.$proc$properties.sv:0$55'.
  Set init value: $formal$properties.sv:31$2_EN = 1'0
Found init rule in `\traffic_light.$proc$properties.sv:0$53'.
  Set init value: $formal$properties.sv:12$1_EN = 1'0
Found init rule in `\traffic_light.$proc$properties.sv:10$52'.
  Set init value: \gp_cycle = 4'0000

2.2.5. Executing PROC_ARST pass (detect async resets in processes).
Found async reset \rst_n_i in `\traffic_light.$proc$generated.v:89$27'.
Found async reset \rst_n in `\traffic_light.$proc$generated.v:51$7'.
Found async reset \rst_n in `\traffic_light.$proc$generated.v:35$5'.
Found async reset \rst_n in `\traffic_light.$proc$generated.v:20$3'.

2.2.6. Executing PROC_ROM pass (convert switches to ROMs).
Converted 0 switches.
<suppressed ~3 debug messages>

2.2.7. Executing PROC_MUX pass (convert decision trees to multiplexers).
Creating decoders for process `\traffic_light.$proc$properties.sv:0$55'.
Creating decoders for process `\traffic_light.$proc$properties.sv:0$53'.
Creating decoders for process `\traffic_light.$proc$properties.sv:10$52'.
Creating decoders for process `\traffic_light.$proc$properties.sv:29$39'.
     1/2: $0$formal$properties.sv:31$2_EN[0:0]$41
     2/2: $0$formal$properties.sv:31$2_CHECK[0:0]$40
Creating decoders for process `\traffic_light.$proc$properties.sv:12$33'.
     1/2: $0$formal$properties.sv:12$1_EN[0:0]$35
     2/2: $0$formal$properties.sv:12$1_CHECK[0:0]$34
Creating decoders for process `\traffic_light.$proc$properties.sv:11$30'.
     1/1: $0\gp_cycle[3:0]
Creating decoders for process `\traffic_light.$proc$generated.v:89$27'.
     1/3: $0\state_AMBER[0:0]
     2/3: $0\state_GREEN[0:0]
     3/3: $0\state_RED[0:0]
Creating decoders for process `\traffic_light.$proc$generated.v:51$7'.
     1/2: $0\rst_n_s2[0:0]
     2/2: $0\rst_n_s1[0:0]
Creating decoders for process `\traffic_light.$proc$generated.v:35$5'.
     1/2: $0\emergency_s2[0:0]
     2/2: $0\emergency_s1[0:0]
Creating decoders for process `\traffic_light.$proc$generated.v:20$3'.
     1/2: $0\go_s2[0:0]
     2/2: $0\go_s1[0:0]

2.2.8. Executing PROC_DLATCH pass (convert process syncs to latches).

2.2.9. Executing PROC_DFF pass (convert process syncs to FFs).
Creating register for signal `\traffic_light.$formal$properties.sv:31$2_CHECK' using process `\traffic_light.$proc$properties.sv:29$39'.
  created $dff cell `$procdff$67' with positive edge clock.
Creating register for signal `\traffic_light.$formal$properties.sv:31$2_EN' using process `\traffic_light.$proc$properties.sv:29$39'.
  created $dff cell `$procdff$68' with positive edge clock.
Creating register for signal `\traffic_light.$formal$properties.sv:12$1_CHECK' using process `\traffic_light.$proc$properties.sv:12$33'.
  created $dff cell `$procdff$69' with positive edge clock.
Creating register for signal `\traffic_light.$formal$properties.sv:12$1_EN' using process `\traffic_light.$proc$properties.sv:12$33'.
  created $dff cell `$procdff$70' with positive edge clock.
Creating register for signal `\traffic_light.\gp_cycle' using process `\traffic_light.$proc$properties.sv:11$30'.
  created $dff cell `$procdff$71' with positive edge clock.
Creating register for signal `\traffic_light.\state_RED' using process `\traffic_light.$proc$generated.v:89$27'.
  created $adff cell `$procdff$72' with positive edge clock and negative level reset.
Creating register for signal `\traffic_light.\state_GREEN' using process `\traffic_light.$proc$generated.v:89$27'.
  created $adff cell `$procdff$73' with positive edge clock and negative level reset.
Creating register for signal `\traffic_light.\state_AMBER' using process `\traffic_light.$proc$generated.v:89$27'.
  created $adff cell `$procdff$74' with positive edge clock and negative level reset.
Creating register for signal `\traffic_light.\rst_n_s1' using process `\traffic_light.$proc$generated.v:51$7'.
  created $adff cell `$procdff$75' with positive edge clock and negative level reset.
Creating register for signal `\traffic_light.\rst_n_s2' using process `\traffic_light.$proc$generated.v:51$7'.
  created $adff cell `$procdff$76' with positive edge clock and negative level reset.
Creating register for signal `\traffic_light.\emergency_s1' using process `\traffic_light.$proc$generated.v:35$5'.
  created $adff cell `$procdff$77' with positive edge clock and negative level reset.
Creating register for signal `\traffic_light.\emergency_s2' using process `\traffic_light.$proc$generated.v:35$5'.
  created $adff cell `$procdff$78' with positive edge clock and negative level reset.
Creating register for signal `\traffic_light.\go_s1' using process `\traffic_light.$proc$generated.v:20$3'.
  created $adff cell `$procdff$79' with positive edge clock and negative level reset.
Creating register for signal `\traffic_light.\go_s2' using process `\traffic_light.$proc$generated.v:20$3'.
  created $adff cell `$procdff$80' with positive edge clock and negative level reset.

2.2.10. Executing PROC_MEMWR pass (convert process memory writes to cells).

2.2.11. Executing PROC_CLEAN pass (remove empty switches from decision trees).
Removing empty process `traffic_light.$proc$properties.sv:0$55'.
Removing empty process `traffic_light.$proc$properties.sv:0$53'.
Removing empty process `traffic_light.$proc$properties.sv:10$52'.
Found and cleaned up 1 empty switch in `\traffic_light.$proc$properties.sv:29$39'.
Removing empty process `traffic_light.$proc$properties.sv:29$39'.
Found and cleaned up 1 empty switch in `\traffic_light.$proc$properties.sv:12$33'.
Removing empty process `traffic_light.$proc$properties.sv:12$33'.
Found and cleaned up 1 empty switch in `\traffic_light.$proc$properties.sv:11$30'.
Removing empty process `traffic_light.$proc$properties.sv:11$30'.
Removing empty process `traffic_light.$proc$generated.v:89$27'.
Removing empty process `traffic_light.$proc$generated.v:51$7'.
Removing empty process `traffic_light.$proc$generated.v:35$5'.
Removing empty process `traffic_light.$proc$generated.v:20$3'.
Cleaned up 3 empty switches.

2.2.12. Executing OPT_EXPR pass (perform const folding).
Optimizing module traffic_light.
<suppressed ~1 debug messages>

2.3. Executing OPT_EXPR pass (perform const folding).
Optimizing module traffic_light.

2.4. Executing OPT_CLEAN pass (remove unused cells and wires).
Finding unused cells or wires in module \traffic_light..
Removed 4 unused cells and 36 unused wires.
<suppressed ~5 debug messages>

2.5. Executing CHECK pass (checking for obvious problems).
Checking module traffic_light...
Found and reported 0 problems.

2.6. Executing OPT pass (performing simple optimizations).

2.6.1. Executing OPT_EXPR pass (perform const folding).
Optimizing module traffic_light.

2.6.2. Executing OPT_MERGE pass (detect identical cells).
Finding identical cells in module `\traffic_light'.
<suppressed ~6 debug messages>
Removed a total of 2 cells.

2.6.3. Executing OPT_MUXTREE pass (detect dead branches in mux trees).
Running muxtree optimizer on module \traffic_light..
  Creating internal representation of mux trees.
  Evaluating internal representation of mux trees.
  Analyzing evaluation results.
Removed 0 multiplexer ports.
<suppressed ~5 debug messages>

2.6.4. Executing OPT_REDUCE pass (consolidate $*mux and $reduce_* inputs).
  Optimizing cells in module \traffic_light.
Performed a total of 0 changes.

2.6.5. Executing OPT_MERGE pass (detect identical cells).
Finding identical cells in module `\traffic_light'.
Removed a total of 0 cells.

2.6.6. Executing OPT_CLEAN pass (remove unused cells and wires).
Finding unused cells or wires in module \traffic_light..
Removed 0 unused cells and 2 unused wires.
<suppressed ~1 debug messages>

2.6.7. Executing OPT_EXPR pass (perform const folding).
Optimizing module traffic_light.

2.6.8. Rerunning OPT passes. (Maybe there is more to do..)

2.6.9. Executing OPT_MUXTREE pass (detect dead branches in mux trees).
Running muxtree optimizer on module \traffic_light..
  Creating internal representation of mux trees.
  Evaluating internal representation of mux trees.
  Analyzing evaluation results.
Removed 0 multiplexer ports.
<suppressed ~5 debug messages>

2.6.10. Executing OPT_REDUCE pass (consolidate $*mux and $reduce_* inputs).
  Optimizing cells in module \traffic_light.
Performed a total of 0 changes.

2.6.11. Executing OPT_MERGE pass (detect identical cells).
Finding identical cells in module `\traffic_light'.
Removed a total of 0 cells.

2.6.12. Executing OPT_CLEAN pass (remove unused cells and wires).
Finding unused cells or wires in module \traffic_light..

2.6.13. Executing OPT_EXPR pass (perform const folding).
Optimizing module traffic_light.

2.6.14. Finished OPT passes. (There is nothing left to do.)

2.7. Executing WREDUCE pass (reducing word size of cells).
Removed top 3 bits (of 4) from port B of cell traffic_light.$add$properties.sv:11$32 ($add).
Removed top 29 bits (of 32) from port B of cell traffic_light.$lt$properties.sv:12$36 ($lt).
Removed top 29 bits (of 32) from port B of cell traffic_light.$ge$properties.sv:13$38 ($ge).

2.8. Executing OPT_CLEAN pass (remove unused cells and wires).
Finding unused cells or wires in module \traffic_light..

2.9. Executing MEMORY_COLLECT pass (generating $mem cells).

2.10. Executing OPT pass (performing simple optimizations).

2.10.1. Executing OPT_EXPR pass (perform const folding).
Optimizing module traffic_light.

2.10.2. Executing OPT_MERGE pass (detect identical cells).
Finding identical cells in module `\traffic_light'.
Removed a total of 0 cells.

2.10.3. Executing OPT_CLEAN pass (remove unused cells and wires).
Finding unused cells or wires in module \traffic_light..

2.10.4. Finished fast OPT passes.

2.11. Printing statistics.

=== traffic_light ===

   Number of wires:                 64
   Number of wire bits:             73
   Number of public wires:          34
   Number of public wire bits:      37
   Number of memories:               0
   Number of memory bits:            0
   Number of processes:              0
   Number of cells:                 51
     $add                            1
     $adff                           9
     $and                           11
     $assert                         1
     $assume                         1
     $dff                            5
     $ge                             1
     $logic_and                      1
     $logic_not                      1
     $lt                             1
     $mux                            5
     $ne                             1
     $not                            6
     $or                             7

2.12. Executing CHECK pass (checking for obvious problems).
Checking module traffic_light...
Found and reported 0 problems.

3. Executing ASYNC2SYNC pass.
Replacing traffic_light.$procdff$72 ($adff): ARST=\rst_n_s2, D=$0\state_RED[0:0], Q=\state_RED
Replacing traffic_light.$procdff$73 ($adff): ARST=\rst_n_s2, D=\next_GREEN, Q=\state_GREEN
Replacing traffic_light.$procdff$74 ($adff): ARST=\rst_n_s2, D=\next_AMBER, Q=\state_AMBER
Replacing traffic_light.$procdff$75 ($adff): ARST=\rst_n, D=1'1, Q=\rst_n_s1
Replacing traffic_light.$procdff$76 ($adff): ARST=\rst_n, D=\rst_n_s1, Q=\rst_n_s2
Replacing traffic_light.$procdff$77 ($adff): ARST=\rst_n, D=\emergency, Q=\emergency_s1
Replacing traffic_light.$procdff$78 ($adff): ARST=\rst_n, D=\emergency_s1, Q=\emergency_s2
Replacing traffic_light.$procdff$79 ($adff): ARST=\rst_n, D=\go, Q=\go_s1
Replacing traffic_light.$procdff$80 ($adff): ARST=\rst_n, D=\go_s1, Q=\go_s2

4. Executing HIERARCHY pass (managing design hierarchy).

4.1. Analyzing design hierarchy..
Top module:  \traffic_light

4.2. Analyzing design hierarchy..
Top module:  \traffic_light
Removed 0 unused modules.
Module traffic_light directly or indirectly contains formal properties -> setting "keep" attribute.

5. Executing jny backend.

6. Executing RTLIL backend.
Output filename: ../model/design.il

End of script. Logfile hash: afb6a66532, CPU: user 0.02s system 0.00s, MEM: 13.51 MB peak
Yosys 0.23 (git sha1 7ce5011c24b)
Time spent: 25% 6x opt_expr (0 sec), 21% 5x opt_clean (0 sec), ...
