
 /----------------------------------------------------------------------------\
 |                                                                            |
 |  yosys -- Yosys Open SYnthesis Suite                                       |
 |                                                                            |
 |  Copyright (C) 2012 - 2020  Claire Xenia Wolf <claire@yosyshq.com>         |
 |                                                                            |
 |  Permission to use, copy, modify, and/or distribute this software for any  |
 |  purpose with or without fee is hereby granted, provided that the above    |
 |  copyright notice and this permission notice appear in all copies.         |
 |                                                                            |
 |  THE SOFTWARE IS PROVIDED "AS IS" AND THE AUTHOR DISCLAIMS ALL WARRANTIES  |
 |  WITH REGARD TO THIS SOFTWARE INCLUDING ALL IMPLIED WARRANTIES OF          |
 |  MERCHANTABILITY AND FITNESS. IN NO EVENT SHALL THE AUTHOR BE LIABLE FOR   |
 |  ANY SPECIAL, DIRECT, INDIRECT, OR CONSEQUENTIAL DAMAGES OR ANY DAMAGES    |
 |  WHATSOEVER RESULTING FROM LOSS OF USE, DATA OR PROFITS, WHETHER IN AN     |
 |  ACTION OF CONTRACT, NEGLIGENCE OR OTHER TORTIOUS ACTION, ARISING OUT OF   |
 |  OR IN CONNECTION WITH THE USE OR PERFORMANCE OF THIS SOFTWARE.            |
 |                                                                            |
 \----------------------------------------------------------------------------/

 Yosys 0.23 (git sha1 7ce5011c24b)


-- Executing script file `design_smt2.ys' --

1. Executing RTLIL frontend.
Input filename: design_prep.il

2. Executing HIERARCHY pass (managing design hierarchy).

2.1. Analyzing design hierarchy..
Top module:  \vacuous_mutex

2.2. Analyzing design hierarchy..
Top module:  \vacuous_mutex
Removed 0 unused modules.
Module vacuous_mutex directly or indirectly contains formal properties -> setting "keep" attribute.

3. Executing DFFUNMAP pass (unmap clock enable and synchronous reset from FFs).

4. Printing statistics.

=== vacuous_mutex ===

   Number of wires:                 48
   Number of wire bits:             57
   Number of public wires:          30
   Number of public wire bits:      33
   Number of memories:               0
   Number of memory bits:            0
   Number of processes:              0
   Number of cells:                 41
     $add                            1
     $and                            2
     $anyinit                        6
     $anyseq                         3
     $assume                         1
     $cover                          2
     $ff                             2
     $ge                             1
     $logic_and                      1
     $logic_not                      1
     $lt                             1
     $mux                           14
     $ne                             1
     $not                            2
     $or                             3

5. Executing SMT2 backend.

5.1. Executing BMUXMAP pass.

5.2. Executing DEMUXMAP pass.
Creating SMT-LIBv2 representation of module vacuous_mutex.

End of script. Logfile hash: 61872f62ab, CPU: user 0.00s system 0.00s, MEM: 13.62 MB peak
Yosys 0.23 (git sha1 7ce5011c24b)
Time spent: 58% 2x write_smt2 (0 sec), 29% 2x read_ilang (0 sec), ...
