
 /----------------------------------------------------------------------------\
 |                                                                            |
 |  yosys -- Yosys Open SYnthesis Suite                                       |
 |                                                                            |
 |  Copyright (C) 2012 - 2020  Claire Xenia Wolf <claire@yosyshq.com>         |
 |                                                                            |
 |  Permission to use, copy, modify, and/or distribute this software for any  |
 |  purpose with or without fee is hereby granted, provided that the above    |
 |  copyright notice and this permission notice appear in all copies.         |
 |                                                                            |
 |  THE SOFTWARE IS PROVIDED "AS IS" AND THE AUTHOR DISCLAIMS ALL WARRANTIES  |
 |  WITH REGARD TO THIS SOFTWARE INCLUDING ALL IMPLIED WARRANTIES OF          |
 |  MERCHANTABILITY AND FITNESS. IN NO EVENT SHALL THE AUTHOR BE LIABLE FOR   |
 |  ANY SPECIAL, DIRECT, INDIRECT, OR CONSEQUENTIAL DAMAGES OR ANY DAMAGES    |
 |  WHATSOEVER RESULTING FROM LOSS OF USE, DATA OR PROFITS, WHETHER IN AN     |
 |  ACTION OF CONTRACT, NEGLIGENCE OR OTHER TORTIOUS ACTION, ARISING OUT OF   |
 |  OR IN CONNECTION WITH THE USE OR PERFORMANCE OF THIS SOFTWARE.            |
 |                                                                            |
 \----------------------------------------------------------------------------/

 Yosys 0.23 (git sha1 7ce5011c24b)


-- Executing script file `../model/design.ys' --

1. Executing Verilog-2005 frontend: generated.v
Parsing formal SystemVerilog input from `generated.v' to AST representation.
Generating RTLIL representation for module `\vacuous_mutex'.
Successfully finished Verilog frontend.

2. Executing PREP pass.

2.1. Executing HIERARCHY pass (managing design hierarchy).

2.1.1. Analyzing design hierarchy..
Top module:  \vacuous_mutex

2.1.2. Analyzing design hierarchy..
Top module:  \vacuous_mutex
Removed 0 unused modules.
Module vacuous_mutex directly or indirectly contains formal properties -> setting "keep" attribute.

2.2. Executing PROC pass (convert processes to netlists).

2.2.1. Executing PROC_CLEAN pass (remove empty switches from decision trees).
Cleaned up 0 empty switches.

2.2.2. Executing PROC_RMDEAD pass (remove dead branches from decision trees).
Marked 1 switch rules as full_case in process $proc$generated.v:49$13 in module vacuous_mutex.
Marked 1 switch rules as full_case in process $proc$generated.v:19$4 in module vacuous_mutex.
Removed a total of 0 dead cases.

2.2.3. Executing PROC_PRUNE pass (remove redundant assignments in processes).
Removed 4 redundant assignments.
Promoted 4 assignments to connections.

2.2.4. Executing PROC_INIT pass (extract init attributes).
Found init rule in `\vacuous_mutex.$proc$properties.sv:0$37'.
  Set init value: $formal$properties.sv:22$3_EN = 1'0
Found init rule in `\vacuous_mutex.$proc$properties.sv:0$35'.
  Set init value: $formal$properties.sv:20$2_EN = 1'0
Found init rule in `\vacuous_mutex.$proc$properties.sv:0$33'.
  Set init value: $formal$properties.sv:12$1_EN = 1'0
Found init rule in `\vacuous_mutex.$proc$properties.sv:10$32'.
  Set init value: \gp_cycle = 4'0000

2.2.5. Executing PROC_ARST pass (detect async resets in processes).
Found async reset \rst_n_i in `\vacuous_mutex.$proc$generated.v:49$13'.
Found async reset \rst_n in `\vacuous_mutex.$proc$generated.v:19$4'.

2.2.6. Executing PROC_ROM pass (convert switches to ROMs).
Converted 0 switches.
<suppressed ~3 debug messages>

2.2.7. Executing PROC_MUX pass (convert decision trees to multiplexers).
Creating decoders for process `\vacuous_mutex.$proc$properties.sv:0$37'.
Creating decoders for process `\vacuous_mutex.$proc$properties.sv:0$35'.
Creating decoders for process `\vacuous_mutex.$proc$properties.sv:0$33'.
Creating decoders for process `\vacuous_mutex.$proc$properties.sv:10$32'.
Creating decoders for process `\vacuous_mutex.$proc$properties.sv:17$25'.
     1/4: $0$formal$properties.sv:20$2_EN[0:0]$27
     2/4: $0$formal$properties.sv:20$2_CHECK[0:0]$26
     3/4: $0$formal$properties.sv:22$3_EN[0:0]$29
     4/4: $0$formal$properties.sv:22$3_CHECK[0:0]$28
Creating decoders for process `\vacuous_mutex.$proc$properties.sv:12$19'.
     1/2: $0$formal$properties.sv:12$1_EN[0:0]$21
     2/2: $0$formal$properties.sv:12$1_CHECK[0:0]$20
Creating decoders for process `\vacuous_mutex.$proc$properties.sv:11$16'.
     1/1: $0\gp_cycle[3:0]
Creating decoders for process `\vacuous_mutex.$proc$generated.v:49$13'.
     1/2: $0\state_B[0:0]
     2/2: $0\state_A[0:0]
Creating decoders for process `\vacuous_mutex.$proc$generated.v:19$4'.
     1/2: $0\rst_n_s2[0:0]
     2/2: $0\rst_n_s1[0:0]

2.2.8. Executing PROC_DLATCH pass (convert process syncs to latches).

2.2.9. Executing PROC_DFF pass (convert process syncs to FFs).
Creating register for signal `\vacuous_mutex.$formal$properties.sv:20$2_CHECK' using process `\vacuous_mutex.$proc$properties.sv:17$25'.
  created $dff cell `$procdff$53' with positive edge clock.
Creating register for signal `\vacuous_mutex.$formal$properties.sv:20$2_EN' using process `\vacuous_mutex.$proc$properties.sv:17$25'.
  created $dff cell `$procdff$54' with positive edge clock.
Creating register for signal `\vacuous_mutex.$formal$properties.sv:22$3_CHECK' using process `\vacuous_mutex.$proc$properties.sv:17$25'.
  created $dff cell `$procdff$55' with positive edge clock.
Creating register for signal `\vacuous_mutex.$formal$properties.sv:22$3_EN' using process `\vacuous_mutex.$proc$properties.sv:17$25'.
  created $dff cell `$procdff$56' with positive edge clock.
Creating register for signal `\vacuous_mutex.$formal$properties.sv:12$1_CHECK' using process `\vacuous_mutex.$proc$properties.sv:12$19'.
  created $dff cell `$procdff$57' with positive edge clock.
Creating register for signal `\vacuous_mutex.$formal$properties.sv:12$1_EN' using process `\vacuous_mutex.$proc$properties.sv:12$19'.
  created $dff cell `$procdff$58' with positive edge clock.
Creating register for signal `\vacuous_mutex.\gp_cycle' using process `\vacuous_mutex.$proc$properties.sv:11$16'.
  created $dff cell `$procdff$59' with positive edge clock.
Creating register for signal `\vacuous_mutex.\state_A' using process `\vacuous_mutex.$proc$generated.v:49$13'.
  created $adff cell `$procdff$60' with positive edge clock and negative level reset.
Creating register for signal `\vacuous_mutex.\state_B' using process `\vacuous_mutex.$proc$generated.v:49$13'.
  created $adff cell `$procdff$61' with positive edge clock and negative level reset.
Creating register for signal `\vacuous_mutex.\rst_n_s1' using process `\vacuous_mutex.$proc$generated.v:19$4'.
  created $adff cell `$procdff$62' with positive edge clock and negative level reset.
Creating register for signal `\vacuous_mutex.\rst_n_s2' using process `\vacuous_mutex.$proc$generated.v:19$4'.
  created $adff cell `$procdff$63' with positive edge clock and negative level reset.

2.2.10. Executing PROC_MEMWR pass (convert process memory writes to cells).

2.2.11. Executing PROC_CLEAN pass (remove empty switches from decision trees).
Removing empty process `vacuous_mutex.$proc$properties.sv:0$37'.
Removing empty process `vacuous_mutex.$proc$properties.sv:0$35'.
Removing empty process `vacuous_mutex.$proc$properties.sv:0$33'.
Removing empty process `vacuous_mutex.$proc$properties.sv:10$32'.
Found and cleaned up 1 empty switch in `\vacuous_mutex.$proc$properties.sv:17$25'.
Removing empty process `vacuous_mutex.$proc$properties.sv:17$25'.
Found and cleaned up 1 empty switch in `\vacuous_mutex.$proc$properties.sv:12$19'.
Removing empty process `vacuous_mutex.$proc$properties.sv:12$19'.
Found and cleaned up 1 empty switch in `\vacuous_mutex.$proc$properties.sv:11$16'.
Removing empty process `vacuous_mutex.$proc$properties.sv:11$16'.
Removing empty process `vacuous_mutex.$proc$generated.v:49$13'.
Removing empty process `vacuous_mutex.$proc$generated.v:19$4'.
Cleaned up 3 empty switches.

2.2.12. Executing OPT_EXPR pass (perform const folding).
Optimizing module vacuous_mutex.
<suppressed ~1 debug messages>

2.3. Executing OPT_EXPR pass (perform const folding).
Optimizing module vacuous_mutex.

2.4. Executing OPT_CLEAN pass (remove unused cells and wires).
Finding unused cells or wires in module \vacuous_mutex..
Removed 2 unused cells and 31 unused wires.
<suppressed ~3 debug messages>

2.5. Executing CHECK pass (checking for obvious problems).
Checking module vacuous_mutex...
Found and reported 0 problems.

2.6. Executing OPT pass (performing simple optimizations).

2.6.1. Executing OPT_EXPR pass (perform const folding).
Optimizing module vacuous_mutex.

2.6.2. Executing OPT_MERGE pass (detect identical cells).
Finding identical cells in module `\vacuous_mutex'.
Removed a total of 0 cells.

2.6.3. Executing OPT_MUXTREE pass (detect dead branches in mux trees).
Running muxtree optimizer on module \vacuous_mutex..
  Creating internal representation of mux trees.
  Evaluating internal representation of mux trees.
  Analyzing evaluation results.
Removed 0 multiplexer ports.
<suppressed ~7 debug messages>

2.6.4. Executing OPT_REDUCE pass (consolidate $*mux and $reduce_* inputs).
  Optimizing cells in module \vacuous_mutex.
Performed a total of 0 changes.

2.6.5. Executing OPT_MERGE pass (detect identical cells).
Finding identical cells in module `\vacuous_mutex'.
<suppressed ~6 debug messages>
Removed a total of 2 cells.

2.6.6. Executing OPT_CLEAN pass (remove unused cells and wires).
Finding unused cells or wires in module \vacuous_mutex..
Removed 0 unused cells and 2 unused wires.
<suppressed ~1 debug messages>

2.6.7. Executing OPT_EXPR pass (perform const folding).
Optimizing module vacuous_mutex.

2.6.8. Rerunning OPT passes. (Maybe there is more to do..)

2.6.9. Executing OPT_MUXTREE pass (detect dead branches in mux trees).
Running muxtree optimizer on module \vacuous_mutex..
  Creating internal representation of mux trees.
  Evaluating internal representation of mux trees.
  Analyzing evaluation results.
Removed 0 multiplexer ports.
<suppressed ~6 debug messages>

2.6.10. Executing OPT_REDUCE pass (consolidate $*mux and $reduce_* inputs).
  Optimizing cells in module \vacuous_mutex.
Performed a total of 0 changes.

2.6.11. Executing OPT_MERGE pass (detect identical cells).
Finding identical cells in module `\vacuous_mutex'.
Removed a total of 0 cells.

2.6.12. Executing OPT_CLEAN pass (remove unused cells and wires).
Finding unused cells or wires in module \vacuous_mutex..

2.6.13. Executing OPT_EXPR pass (perform const folding).
Optimizing module vacuous_mutex.

2.6.14. Finished OPT passes. (There is nothing left to do.)

2.7. Executing WREDUCE pass (reducing word size of cells).
Removed top 3 bits (of 4) from port B of cell vacuous_mutex.$add$properties.sv:11$18 ($add).
Removed top 29 bits (of 32) from port B of cell vacuous_mutex.$lt$properties.sv:12$22 ($lt).
Removed top 29 bits (of 32) from port B of cell vacuous_mutex.$ge$properties.sv:13$24 ($ge).

2.8. Executing OPT_CLEAN pass (remove unused cells and wires).
Finding unused cells or wires in module \vacuous_mutex..

2.9. Executing MEMORY_COLLECT pass (generating $mem cells).

2.10. Executing OPT pass (performing simple optimizations).

2.10.1. Executing OPT_EXPR pass (perform const folding).
Optimizing module vacuous_mutex.

2.10.2. Executing OPT_MERGE pass (detect identical cells).
Finding identical cells in module `\vacuous_mutex'.
Removed a total of 0 cells.

2.10.3. Executing OPT_CLEAN pass (remove unused cells and wires).
Finding unused cells or wires in module \vacuous_mutex..

2.10.4. Finished fast OPT passes.

2.11. Printing statistics.

=== vacuous_mutex ===

   Number of wires:                 39
   Number of wire bits:             48
   Number of public wires:          21
   Number of public wire bits:      24
   Number of memories:               0
   Number of memory bits:            0
   Number of processes:              0
   Number of cells:                 32
     $add                            1
     $adff                           4
     $and                            2
     $assume                         1
     $cover                          2
     $dff                            6
     $ge                             1
     $logic_and                      1
     $logic_not                      1
     $lt                             1
     $mux                            6
     $ne                             1
     $not                            2
     $or                             3

2.12. Executing CHECK pass (checking for obvious problems).
Checking module vacuous_mutex...
Found and reported 0 problems.

3. Executing ASYNC2SYNC pass.
Replacing vacuous_mutex.$procdff$60 ($adff): ARST=\rst_n_s2, D=$0\state_A[0:0], Q=\state_A
Replacing vacuous_mutex.$procdff$61 ($adff): ARST=\rst_n_s2, D=\next_B, Q=\state_B
Replacing vacuous_mutex.$procdff$62 ($adff): ARST=\rst_n, D=1'1, Q=\rst_n_s1
Replacing vacuous_mutex.$procdff$63 ($adff): ARST=\rst_n, D=\rst_n_s1, Q=\rst_n_s2

4. Executing HIERARCHY pass (managing design hierarchy).

4.1. Analyzing design hierarchy..
Top module:  \vacuous_mutex

4.2. Analyzing design hierarchy..
Top module:  \vacuous_mutex
Removed 0 unused modules.
Module vacuous_mutex directly or indirectly contains formal properties -> setting "keep" attribute.

5. Executing jny backend.

6. Executing RTLIL backend.
Output filename: ../model/design.il

End of script. Logfile hash: 0d829df07f, CPU: user 0.02s system 0.00s, MEM: 13.57 MB peak
Yosys 0.23 (git sha1 7ce5011c24b)
Time spent: 26% 6x opt_expr (0 sec), 24% 5x opt_clean (0 sec), ...
